Beginning computation, size is 64,
Processing complete.  Preparing output.
Output complete.

real	0m2.556s
user	0m0.245s
sys	0m0.435s
