Beginning computation, size is 16,
Processing complete.  Preparing output.
Output complete.

real	0m0.286s
user	0m0.047s
sys	0m0.186s
