Beginning computation, size is 32,
Processing complete.  Preparing output.
Output complete.

real	0m0.383s
user	0m0.084s
sys	0m0.234s
