Beginning computation, size is 16,
Processing complete.  Preparing output.
Output complete.

real	0m0.370s
user	0m0.088s
sys	0m0.215s
