Beginning computation, size is 64,
Processing complete.  Preparing output.
Output complete.

real	0m0.846s
user	0m0.210s
sys	0m0.408s
