Beginning computation, size is 32, BLOCK_SIZE is 1024
Processing complete.  Preparing output.
Output complete.

real	0m0.427s
user	0m0.083s
sys	0m0.276s
