Beginning computation, size is 32, BLOCK_SIZE is 128
Processing complete.  Preparing output.
Output complete.

real	0m0.491s
user	0m0.073s
sys	0m0.269s
