Beginning computation, size is 16, BLOCK_SIZE is 128
Processing complete.  Preparing output.
Output complete.

real	0m0.334s
user	0m0.045s
sys	0m0.206s
