Beginning computation, size is 16, BLOCK_SIZE is 1024
Processing complete.  Preparing output.
Output complete.

real	0m0.304s
user	0m0.039s
sys	0m0.226s
