Beginning computation, size is 64, BLOCK_SIZE is 128
Processing complete.  Preparing output.
Output complete.

real	0m0.911s
user	0m0.176s
sys	0m0.450s
