Beginning computation, size is 64, BLOCK_SIZE is 64
Processing complete.  Preparing output.
Output complete.

real	0m0.903s
user	0m0.202s
sys	0m0.425s
