Beginning computation, size is 64, BLOCK_SIZE is 1024
Processing complete.  Preparing output.
Output complete.

real	0m0.951s
user	0m0.212s
sys	0m0.500s
