Beginning computation
Processing complete.  Preparing output.
Output complete.

real	0m6.008s
user	0m2.730s
sys	0m3.170s
