Beginning computation
Processing complete.  Preparing output.
Output complete.

real	0m0.476s
user	0m0.107s
sys	0m0.213s
