Beginning computation
Processing complete.  Preparing output.
Output complete.

real	0m6.265s
user	0m2.805s
sys	0m3.214s
